// Jest Snapshot v1, https://goo.gl/fbAQLP

exports[`containers/Profile/components/DateBlock renders correctly 1`] = `
<View
  style={Object {}}
>
  <Text
    accessible={true}
    allowFontScaling={true}
    ellipsizeMode="tail"
    style={
      Object {
        "textAlign": "right",
      }
    }
  >
    2017
  </Text>
</View>
`;
